export const snapshot = {};

snapshot[`call /oas.json 1`] = `
{
  components: {
    parameters: {},
    schemas: {},
  },
  info: {
    description: "This is the API",
    title: "My API",
    version: "1.0.0",
  },
  openapi: "3.0.0",
  paths: {
    "/v1/hello/{name}": {
      get: {
        parameters: [
          {
            in: "path",
            name: "name",
            required: true,
            schema: {
              type: "string",
            },
          },
        ],
        responses: {
          "200": {
            content: {
              "text/html": {
                schema: {
                  type: "string",
                },
              },
            },
            description: "Success",
          },
        },
      },
    },
  },
  servers: [
    {
      url: "/",
    },
  ],
}
`;
